[    1219ms] [INFO] %cDownload the React DevTools for a better development experience: https://react.dev/link/react-devtools font-weight:bold @ webpack-internal:///(app-pages-browser)/./node_modules/.pnpm/next@16.1.6_babel-plugin-re_bcea1c138bb3ea7446533c8441ac899a/node_modules/next/dist/next-devtools/shared/forward-logs-shared.js:27
[    1373ms] [LOG] [HMR] connected @ webpack-internal:///(app-pages-browser)/./node_modules/.pnpm/next@16.1.6_babel-plugin-re_bcea1c138bb3ea7446533c8441ac899a/node_modules/next/dist/next-devtools/shared/forward-logs-shared.js:27
[    2041ms] [LOG] [Fast Refresh] rebuilding @ webpack-internal:///(app-pages-browser)/./node_modules/.pnpm/next@16.1.6_babel-plugin-re_bcea1c138bb3ea7446533c8441ac899a/node_modules/next/dist/next-devtools/shared/forward-logs-shared.js:27
[    2366ms] [LOG] [Fast Refresh] done in 324ms @ webpack-internal:///(app-pages-browser)/./node_modules/.pnpm/next@16.1.6_babel-plugin-re_bcea1c138bb3ea7446533c8441ac899a/node_modules/next/dist/next-devtools/shared/forward-logs-shared.js:27
[    2710ms] [ERROR] Failed to load resource: the server responded with a status of 404 (Not Found) @ http://127.0.0.1:3000/favicon.ico:0
[    2784ms] [LOG] [Fast Refresh] rebuilding @ webpack-internal:///(app-pages-browser)/./node_modules/.pnpm/next@16.1.6_babel-plugin-re_bcea1c138bb3ea7446533c8441ac899a/node_modules/next/dist/next-devtools/shared/forward-logs-shared.js:27
[    3099ms] [LOG] [Fast Refresh] done in 314ms @ webpack-internal:///(app-pages-browser)/./node_modules/.pnpm/next@16.1.6_babel-plugin-re_bcea1c138bb3ea7446533c8441ac899a/node_modules/next/dist/next-devtools/shared/forward-logs-shared.js:27
[    3482ms] [LOG] [Fast Refresh] rebuilding @ webpack-internal:///(app-pages-browser)/./node_modules/.pnpm/next@16.1.6_babel-plugin-re_bcea1c138bb3ea7446533c8441ac899a/node_modules/next/dist/next-devtools/shared/forward-logs-shared.js:27
[    3830ms] [LOG] [Fast Refresh] done in 348ms @ webpack-internal:///(app-pages-browser)/./node_modules/.pnpm/next@16.1.6_babel-plugin-re_bcea1c138bb3ea7446533c8441ac899a/node_modules/next/dist/next-devtools/shared/forward-logs-shared.js:27
[    4182ms] [LOG] [Fast Refresh] rebuilding @ webpack-internal:///(app-pages-browser)/./node_modules/.pnpm/next@16.1.6_babel-plugin-re_bcea1c138bb3ea7446533c8441ac899a/node_modules/next/dist/next-devtools/shared/forward-logs-shared.js:27
[    4463ms] [LOG] [Fast Refresh] done in 280ms @ webpack-internal:///(app-pages-browser)/./node_modules/.pnpm/next@16.1.6_babel-plugin-re_bcea1c138bb3ea7446533c8441ac899a/node_modules/next/dist/next-devtools/shared/forward-logs-shared.js:27
[    4729ms] [LOG] [Fast Refresh] rebuilding @ webpack-internal:///(app-pages-browser)/./node_modules/.pnpm/next@16.1.6_babel-plugin-re_bcea1c138bb3ea7446533c8441ac899a/node_modules/next/dist/next-devtools/shared/forward-logs-shared.js:27
[    4951ms] [LOG] [Fast Refresh] done in 222ms @ webpack-internal:///(app-pages-browser)/./node_modules/.pnpm/next@16.1.6_babel-plugin-re_bcea1c138bb3ea7446533c8441ac899a/node_modules/next/dist/next-devtools/shared/forward-logs-shared.js:27
[    5213ms] [LOG] [Fast Refresh] rebuilding @ webpack-internal:///(app-pages-browser)/./node_modules/.pnpm/next@16.1.6_babel-plugin-re_bcea1c138bb3ea7446533c8441ac899a/node_modules/next/dist/next-devtools/shared/forward-logs-shared.js:27
[    5437ms] [LOG] [Fast Refresh] done in 223ms @ webpack-internal:///(app-pages-browser)/./node_modules/.pnpm/next@16.1.6_babel-plugin-re_bcea1c138bb3ea7446533c8441ac899a/node_modules/next/dist/next-devtools/shared/forward-logs-shared.js:27
[    5718ms] [LOG] [Fast Refresh] rebuilding @ webpack-internal:///(app-pages-browser)/./node_modules/.pnpm/next@16.1.6_babel-plugin-re_bcea1c138bb3ea7446533c8441ac899a/node_modules/next/dist/next-devtools/shared/forward-logs-shared.js:27
[    5954ms] [LOG] [Fast Refresh] done in 237ms @ webpack-internal:///(app-pages-browser)/./node_modules/.pnpm/next@16.1.6_babel-plugin-re_bcea1c138bb3ea7446533c8441ac899a/node_modules/next/dist/next-devtools/shared/forward-logs-shared.js:27
[    6225ms] [LOG] [Fast Refresh] rebuilding @ webpack-internal:///(app-pages-browser)/./node_modules/.pnpm/next@16.1.6_babel-plugin-re_bcea1c138bb3ea7446533c8441ac899a/node_modules/next/dist/next-devtools/shared/forward-logs-shared.js:27
[    6499ms] [LOG] [Fast Refresh] done in 273ms @ webpack-internal:///(app-pages-browser)/./node_modules/.pnpm/next@16.1.6_babel-plugin-re_bcea1c138bb3ea7446533c8441ac899a/node_modules/next/dist/next-devtools/shared/forward-logs-shared.js:27
[    7103ms] Invalid or unexpected token
[    8525ms] [INFO] %cDownload the React DevTools for a better development experience: https://react.dev/link/react-devtools font-weight:bold @ webpack-internal:///(app-pages-browser)/./node_modules/.pnpm/next@16.1.6_babel-plugin-re_bcea1c138bb3ea7446533c8441ac899a/node_modules/next/dist/next-devtools/shared/forward-logs-shared.js:27
[    8594ms] [LOG] [HMR] connected @ webpack-internal:///(app-pages-browser)/./node_modules/.pnpm/next@16.1.6_babel-plugin-re_bcea1c138bb3ea7446533c8441ac899a/node_modules/next/dist/next-devtools/shared/forward-logs-shared.js:27
[    9235ms] [ERROR] Can't perform a React state update on a component that hasn't mounted yet. This indicates that you have a side-effect in your render function that asynchronously tries to update the component. Move this work to useEffect instead. @ webpack-internal:///(app-pages-browser)/./node_modules/.pnpm/next@16.1.6_babel-plugin-re_bcea1c138bb3ea7446533c8441ac899a/node_modules/next/dist/next-devtools/userspace/app/errors/intercept-console-error.js:51
[    9257ms] [LOG] [Fast Refresh] rebuilding @ webpack-internal:///(app-pages-browser)/./node_modules/.pnpm/next@16.1.6_babel-plugin-re_bcea1c138bb3ea7446533c8441ac899a/node_modules/next/dist/next-devtools/shared/forward-logs-shared.js:27
[    9764ms] [LOG] [Fast Refresh] done in 507ms @ webpack-internal:///(app-pages-browser)/./node_modules/.pnpm/next@16.1.6_babel-plugin-re_bcea1c138bb3ea7446533c8441ac899a/node_modules/next/dist/next-devtools/shared/forward-logs-shared.js:27
[    9830ms] [LOG] [Fast Refresh] rebuilding @ webpack-internal:///(app-pages-browser)/./node_modules/.pnpm/next@16.1.6_babel-plugin-re_bcea1c138bb3ea7446533c8441ac899a/node_modules/next/dist/next-devtools/shared/forward-logs-shared.js:27
[   10110ms] [LOG] [Fast Refresh] done in 281ms @ webpack-internal:///(app-pages-browser)/./node_modules/.pnpm/next@16.1.6_babel-plugin-re_bcea1c138bb3ea7446533c8441ac899a/node_modules/next/dist/next-devtools/shared/forward-logs-shared.js:27
[   10385ms] [LOG] [Fast Refresh] rebuilding @ webpack-internal:///(app-pages-browser)/./node_modules/.pnpm/next@16.1.6_babel-plugin-re_bcea1c138bb3ea7446533c8441ac899a/node_modules/next/dist/next-devtools/shared/forward-logs-shared.js:27
[   10627ms] [LOG] [Fast Refresh] done in 241ms @ webpack-internal:///(app-pages-browser)/./node_modules/.pnpm/next@16.1.6_babel-plugin-re_bcea1c138bb3ea7446533c8441ac899a/node_modules/next/dist/next-devtools/shared/forward-logs-shared.js:27
[   10885ms] [LOG] [Fast Refresh] rebuilding @ webpack-internal:///(app-pages-browser)/./node_modules/.pnpm/next@16.1.6_babel-plugin-re_bcea1c138bb3ea7446533c8441ac899a/node_modules/next/dist/next-devtools/shared/forward-logs-shared.js:27
[   11128ms] [LOG] [Fast Refresh] done in 242ms @ webpack-internal:///(app-pages-browser)/./node_modules/.pnpm/next@16.1.6_babel-plugin-re_bcea1c138bb3ea7446533c8441ac899a/node_modules/next/dist/next-devtools/shared/forward-logs-shared.js:27
[   11430ms] [LOG] [Fast Refresh] rebuilding @ webpack-internal:///(app-pages-browser)/./node_modules/.pnpm/next@16.1.6_babel-plugin-re_bcea1c138bb3ea7446533c8441ac899a/node_modules/next/dist/next-devtools/shared/forward-logs-shared.js:27
[   11672ms] [LOG] [Fast Refresh] done in 243ms @ webpack-internal:///(app-pages-browser)/./node_modules/.pnpm/next@16.1.6_babel-plugin-re_bcea1c138bb3ea7446533c8441ac899a/node_modules/next/dist/next-devtools/shared/forward-logs-shared.js:27
[   12149ms] [LOG] [Fast Refresh] rebuilding @ webpack-internal:///(app-pages-browser)/./node_modules/.pnpm/next@16.1.6_babel-plugin-re_bcea1c138bb3ea7446533c8441ac899a/node_modules/next/dist/next-devtools/shared/forward-logs-shared.js:27
[   12419ms] [LOG] [Fast Refresh] done in 270ms @ webpack-internal:///(app-pages-browser)/./node_modules/.pnpm/next@16.1.6_babel-plugin-re_bcea1c138bb3ea7446533c8441ac899a/node_modules/next/dist/next-devtools/shared/forward-logs-shared.js:27
[   12715ms] [LOG] [Fast Refresh] rebuilding @ webpack-internal:///(app-pages-browser)/./node_modules/.pnpm/next@16.1.6_babel-plugin-re_bcea1c138bb3ea7446533c8441ac899a/node_modules/next/dist/next-devtools/shared/forward-logs-shared.js:27
[   12981ms] [LOG] [Fast Refresh] done in 265ms @ webpack-internal:///(app-pages-browser)/./node_modules/.pnpm/next@16.1.6_babel-plugin-re_bcea1c138bb3ea7446533c8441ac899a/node_modules/next/dist/next-devtools/shared/forward-logs-shared.js:27
[   13254ms] [LOG] [Fast Refresh] rebuilding @ webpack-internal:///(app-pages-browser)/./node_modules/.pnpm/next@16.1.6_babel-plugin-re_bcea1c138bb3ea7446533c8441ac899a/node_modules/next/dist/next-devtools/shared/forward-logs-shared.js:27
[   13539ms] [LOG] [Fast Refresh] done in 284ms @ webpack-internal:///(app-pages-browser)/./node_modules/.pnpm/next@16.1.6_babel-plugin-re_bcea1c138bb3ea7446533c8441ac899a/node_modules/next/dist/next-devtools/shared/forward-logs-shared.js:27
